<html>
<body>
<pre>
<h1>µVision Build Log</h1>
<h2>Tool Versions:</h2>
IDE-Version: ¶ÃVision V5.37.0.0
Copyright (C) 2022 ARM Ltd and ARM Germany GmbH. All rights reserved.
License Information: 1 ËÔ’–, 1, LIC=8VRJ7-ELI43-PCWJ8-3TASG-4AUNP-QEDZY
 
Tool Versions:
Toolchain:       MDK-ARM Plus  Version: 5.37.0.0
Toolchain Path:  D:\Keil MDK\MDK\ARM\ARMCC\Bin
C Compiler:      Armcc.exe V5.06 update 5 (build 528)
Assembler:       Armasm.exe V5.06 update 5 (build 528)
Linker/Locator:  ArmLink.exe V5.06 update 5 (build 528)
Library Manager: ArmAr.exe V5.06 update 5 (build 528)
Hex Converter:   FromElf.exe V5.06 update 5 (build 528)
CPU DLL:         SARMCM3.DLL V5.37.0.0
Dialog DLL:      DCM.DLL V1.17.5.0
Target DLL:      CMSIS_AGDI.dll V1.33.12.0
Dialog DLL:      TCM.DLL V1.56.1.0
 
<h2>Project:</h2>
C:\Users\ËÔ’–\Desktop\HAL_06_LCD - ∏±±æ\MDK-ARM\HAL_06_LCD.uvprojx
Project File Date:  01/11/2023

<h2>Output:</h2>
*** Using Compiler 'V5.06 update 5 (build 528)', folder: 'D:\Keil MDK\MDK\ARM\ARMCC\Bin'
Build target 'HAL_06_LCD'
compiling main.c...
../Src/main.c(234): warning:  #1035-D: single-precision operand implicitly converted to double-precision
  	if(((((float)getADC2())/4096)*3.3)<3.0)
../Src/main.c(248): warning:  #223-D: function "sprintf" declared implicitly
  	sprintf((int8_t *)Lcd_Disp_String, "   i num: %03d        ",(unsigned int)i);
../Src/main.c(257): warning:  #1035-D: single-precision operand implicitly converted to double-precision
  	sprintf((char *)Lcd_Disp_String, "R38_Vol:%6.3fV",((((float)getADC1())/4096)*3.3));
../Src/main.c(260): warning:  #1035-D: single-precision operand implicitly converted to double-precision
  	sprintf((char *)Lcd_Disp_String, "R37_Vol:%6.3fV",((((float)getADC2())/4096)*3.3));
../Src/main.c(270): warning:  #223-D: function "sprintf" declared implicitly
  	sprintf(str, "%04d:Hello,world.\r\n", counter);
../Src/main.c(271): warning:  #223-D: function "strlen" declared implicitly
  	HAL_UART_Transmit(&huart1,(unsigned char *)str, strlen(str), 50);
../Src/main.c: 6 warnings, 0 errors
linking...
Program Size: Code=20702 RO-data=5090 RW-data=64 ZI-data=1520  
FromELF: creating hex file...
"HAL_06_LCD\HAL_06_LCD.axf" - 0 Error(s), 6 Warning(s).

<h2>Software Packages used:</h2>

Package Vendor: ARM
                http://www.keil.com/pack/ARM.CMSIS.5.9.0.pack
                ARM.CMSIS.5.9.0
                CMSIS (Common Microcontroller Software Interface Standard)
   * Component: CORE Version: 5.6.0

Package Vendor: Keil
                https://www.keil.com/pack/Keil.STM32G4xx_DFP.1.5.0.pack
                Keil.STM32G4xx_DFP.1.5.0
                STMicroelectronics STM32G4 Series Device Support, Drivers and Examples

<h2>Collection of Component include folders:</h2>
  ./RTE/_HAL_06_LCD
  D:/Keil MDK/arm/Pack/ARM/CMSIS/5.9.0/CMSIS/Core/Include
  D:/Keil MDK/arm/Pack/Keil/STM32G4xx_DFP/1.5.0/Drivers/CMSIS/Device/ST/STM32G4xx/Include

<h2>Collection of Component Files used:</h2>

   * Component: ARM::CMSIS:CORE:5.6.0
Build Time Elapsed:  00:00:02
</pre>
</body>
</html>
